// Jest Snapshot v1, https://goo.gl/fbAQLP

exports[`TagComponent should match snapshot 1`] = `
<ng-component
  __ngContext__={[Function LRootView]}
>
  <aui-tag>
    <div>
      <span
        class="aui-tag__content"
      >
        primary
      </span>
    </div>
  </aui-tag><aui-tag
    type="success"
  >
    <div>
      <span
        class="aui-tag__content"
      >
         success 
      </span>
    </div>
  </aui-tag><aui-tag
    type="warning"
  >
    <div>
      <span
        class="aui-tag__content"
      >
         warning 
      </span>
    </div>
  </aui-tag><aui-tag
    type="error"
  >
    <div>
      <span
        class="aui-tag__content"
      >
        error
      </span>
    </div>
  </aui-tag><aui-tag
    size="mini"
    type="info"
  >
    <div>
      <span
        class="aui-tag__content"
      >
         info 
      </span>
    </div>
  </aui-tag>
</ng-component>
`;
