// Jest Snapshot v1, https://goo.gl/fbAQLP

exports[`BreadcrumbComponent should render correct template 1`] = `
<ng-component>
  <aui-breadcrumb>
    <div
      class="aui-breadcrumb"
    >
      <aui-breadcrumb-item>
        <div
          class="aui-breadcrumb__item"
        >
          <span
            class="aui-breadcrumb__content"
          >
            <a
              href="/"
            >
              storybook
            </a>
          </span>
          <span
            class="aui-breadcrumb__separator"
          >
            
            
            /
            
          </span>
        </div>
      </aui-breadcrumb-item>
      <aui-breadcrumb-item>
        <div
          class="aui-breadcrumb__item"
        >
          <span
            class="aui-breadcrumb__content"
          >
            <a
              href="./"
            >
              breadcrumb
            </a>
          </span>
          <span
            class="aui-breadcrumb__separator"
          >
            
            
            /
            
          </span>
        </div>
      </aui-breadcrumb-item>
      <aui-breadcrumb-item>
        <div
          class="aui-breadcrumb__item"
        >
          <span
            class="aui-breadcrumb__content"
          >
            default
          </span>
          <span
            class="aui-breadcrumb__separator"
          >
            
            
            /
            
          </span>
        </div>
      </aui-breadcrumb-item>
    </div>
  </aui-breadcrumb><aui-breadcrumb
    separator="|"
  >
    <div
      class="aui-breadcrumb"
    >
      <aui-breadcrumb-item>
        <div
          class="aui-breadcrumb__item"
        >
          <span
            class="aui-breadcrumb__content"
          >
            <a
              href="/"
            >
              storybook
            </a>
          </span>
          <span
            class="aui-breadcrumb__separator"
          >
            
            
            |
            
          </span>
        </div>
      </aui-breadcrumb-item>
      <aui-breadcrumb-item>
        <div
          class="aui-breadcrumb__item"
        >
          <span
            class="aui-breadcrumb__content"
          >
            <a
              href="./"
            >
              breadcrumb
            </a>
          </span>
          <span
            class="aui-breadcrumb__separator"
          >
            
            
            |
            
          </span>
        </div>
      </aui-breadcrumb-item>
      <aui-breadcrumb-item>
        <div
          class="aui-breadcrumb__item"
        >
          <span
            class="aui-breadcrumb__content"
          >
            default
          </span>
          <span
            class="aui-breadcrumb__separator"
          >
            
            
            |
            
          </span>
        </div>
      </aui-breadcrumb-item>
    </div>
  </aui-breadcrumb><aui-breadcrumb
    separatoricon="angle_right"
  >
    <div
      class="aui-breadcrumb"
    >
      <aui-breadcrumb-item>
        <div
          class="aui-breadcrumb__item"
        >
          <span
            class="aui-breadcrumb__content"
          >
            <a
              href="/"
            >
              storybook
            </a>
          </span>
          <span
            class="aui-breadcrumb__separator"
          >
            
            
            <aui-icon>
              
              
              <svg
                class="aui-icon aui-icon-angle_right"
              >
                <use
                  xlink:href="#aui-icon-angle_right"
                />
              </svg>
              
              
            </aui-icon>
          </span>
        </div>
      </aui-breadcrumb-item>
      <aui-breadcrumb-item>
        <div
          class="aui-breadcrumb__item"
        >
          <span
            class="aui-breadcrumb__content"
          >
            <a
              href="./"
            >
              breadcrumb
            </a>
          </span>
          <span
            class="aui-breadcrumb__separator"
          >
            
            
            <aui-icon>
              
              
              <svg
                class="aui-icon aui-icon-angle_right"
              >
                <use
                  xlink:href="#aui-icon-angle_right"
                />
              </svg>
              
              
            </aui-icon>
          </span>
        </div>
      </aui-breadcrumb-item>
      <aui-breadcrumb-item>
        <div
          class="aui-breadcrumb__item"
        >
          <span
            class="aui-breadcrumb__content"
          >
            default
          </span>
          <span
            class="aui-breadcrumb__separator"
          >
            
            
            <aui-icon>
              
              
              <svg
                class="aui-icon aui-icon-angle_right"
              >
                <use
                  xlink:href="#aui-icon-angle_right"
                />
              </svg>
              
              
            </aui-icon>
          </span>
        </div>
      </aui-breadcrumb-item>
    </div>
  </aui-breadcrumb>
</ng-component>
`;
